[www.wigsbytiffani.com/index.html]
[backblue.gif]
[fade.gif]
[index.html]
[www.wigsbytiffani.com/cart.html]
[www.wigsbytiffani.com/wbt-team.html]
[www.wigsbytiffani.com/shop.html]
[www.wigsbytiffani.com/wigs.html]
[www.wigsbytiffani.com/toppers.html]
[www.wigsbytiffani.com/hair-care.html]
[www.wigsbytiffani.com/accessories.html]
[www.wigsbytiffani.com/tiffbrows.html]
[www.wigsbytiffani.com/services-1.html]
[www.wigsbytiffani.com/consultations.html]
[www.wigsbytiffani.com/services.html]
[www.wigsbytiffani.com/resales.html]
[www.wigsbytiffani.com/faq.html]
[www.wigsbytiffani.com/childrens-fund.html]
[www.wigsbytiffani.com/clientlove.html]
[www.wigsbytiffani.com/contact.html]
[www.wigsbytiffani.com/general-1.html]
[www.wigsbytiffani.com/product-page/copy-of-selena-25-wig-m-fri-prev-3-1-1.html]
[www.wigsbytiffani.com/product-page/copy-of-quinn-23-wig-m-fri-prev-3-1-1.html]
[www.wigsbytiffani.com/product-page/copy-of-mabel-23-wig-l-fri-prev-3-1-1.html]
[www.wigsbytiffani.com/product-page/copy-of-koda-24-wig-m-l-fri-prev-3-1-1.html]
[www.wigsbytiffani.com/product-page/copy-of-jasmine-14-wig-s-fri-prev-3-1-1.html]
[www.wigsbytiffani.com/product-page/copy-of-janessa-22-wig-m-fri-prev-3-1-1.html]
[www.wigsbytiffani.com/product-page/wbt-pop-up-event-los-angeles-1.html]
[www.wigsbytiffani.com/product-page/walkers-knot-sealer.html]
[www.wigsbytiffani.com/product-page/walkers-wig-tape-3-yards.html]
[www.wigsbytiffani.com/product-page/walkers-wig-tape-36-yards.html]
[www.wigsbytiffani.com/product-page/hair-care-package.html]
[www.wigsbytiffani.com/sitemap.xml]
[www.wigsbytiffani.com/product-page/nourished-by-tiffani-lace-cleanser-4oz.html]
[www.wigsbytiffani.com/feed.1e.delayed]
[www.wigsbytiffani.com/${n.1f.delayed]
[www.wigsbytiffani.com/decodeURIComponent(e.20.delayed]
[www.wigsbytiffani.com/index.html]
[www.wigsbytiffani.com/cart.html]
[www.wigsbytiffani.com/wbt-team.html]
[www.wigsbytiffani.com/product-page/de-bulking-removing-weight-2.html]
[www.wigsbytiffani.com/product-page/cap-replacement-1.html]
[www.wigsbytiffani.com/product-page/minor-sizing-alrerations.html]
[www.wigsbytiffani.com/product-page/fabric-liner-addition.html]
[www.wigsbytiffani.com/product-page/silicone-lining-addition.html]
[www.wigsbytiffani.com/product-page/haircut.html]
[www.wigsbytiffani.com/shop.html]
[www.wigsbytiffani.com/product-page/bangs.html]
[www.wigsbytiffani.com/wigs4658.html]
[www.wigsbytiffani.com/product-page/copy-of-foster-23-wig-m-fri-prev-3-1-1.html]
[www.wigsbytiffani.com/product-page/copy-of-donna-21-wig-m-fri-prev-3-1-1.html]
[www.wigsbytiffani.com/product-page/copy-of-donna-20-wig-m-fri-prev-3-1-1.html]
[www.wigsbytiffani.com/product-page/copy-of-brandie-21-wig-m-fri-prev-3-1-1.html]
[www.wigsbytiffani.com/product-page/copy-of-resale-rs710-21-wig-m-final-sale.html]
[www.wigsbytiffani.com/product-page/copy-of-resale-rs709-22-wig-m-l-final-sale.html]
[www.wigsbytiffani.com/product-page/copy-of-resale-rs708-22-wig-m-final-sale.html]
[www.wigsbytiffani.com/product-page/copy-of-resale-rs707-19-wig-m-final-sale.html]
[www.wigsbytiffani.com/product-page/copy-of-resale-rs706-17-wig-m-final-sale.html]
[www.wigsbytiffani.com/product-page/copy-of-resale-rs694-17-wig-xs-final-sale.html]
[www.wigsbytiffani.com/product-page/copy-of-resale-rs693-26-wig-m-final-sale.html]
[www.wigsbytiffani.com/product-page/copy-of-resale-rs690-23-wig-m-l-final-sale.html]
[www.wigsbytiffani.com/product-page/copy-of-resale-rs688-18-wig-s-final-sale.html]
[www.wigsbytiffani.com/product-page/copy-of-resale-rs678-23-wig-xl-final-sale.html]
[www.wigsbytiffani.com/wigs.html]
[www.wigsbytiffani.com/toppers.html]
[www.wigsbytiffani.com/product-page/resale-rs371-20-wig-s-final-sale.html]
[www.wigsbytiffani.com/product-page/nourished-by-tiffani-miracle-detangler-6oz.html]
[www.wigsbytiffani.com/product-page/nourished-by-tiffani-conditioner-1.html]
[www.wigsbytiffani.com/product-page/nourished-by-tiffani-conditioner.html]
[www.wigsbytiffani.com/hair-care.html]
[www.wigsbytiffani.com/product-page/nourished-by-tiffani-shampoo.html]
[www.wigsbytiffani.com/product-page/brightening-pen.html]
[www.wigsbytiffani.com/product-page/2-hanging-wig-holders.html]
[www.wigsbytiffani.com/product-page/2-travel-wig-stands.html]
[www.wigsbytiffani.com/product-page/tiffani-wig-grip.html]
[www.wigsbytiffani.com/product-page/silicone-tiff-grip.html]
[www.wigsbytiffani.com/product-page/leopara-makeup-lighting-system.html]
[www.wigsbytiffani.com/accessories.html]
[www.wigsbytiffani.com/product-page/bio-ionic-long-barrel-pro-curling-iron-1.html]
[www.wigsbytiffani.com/product-page/tiff-brows-hustler.html]
[www.wigsbytiffani.com/product-page/tiff-brows-girl-next-door.html]
[www.wigsbytiffani.com/product-page/tiff-brows-girl-boss.html]
[www.wigsbytiffani.com/product-page/tiff-brows-motivator.html]
[www.wigsbytiffani.com/product-page/tiff-brows-stunner.html]
[www.wigsbytiffani.com/product-page/tiff-brows-ceo-1.html]
[www.wigsbytiffani.com/product-page/tiff-brows-dreamer.html]
[www.wigsbytiffani.com/media/emptystate.85a4add5.4b.delayed]
[www.wigsbytiffani.com/tiffbrows.html]
[www.wigsbytiffani.com/services-1.html]
[www.wigsbytiffani.com/product-page/tiff-eyebrowz.html]
[www.wigsbytiffani.com/consultations.html]
[www.wigsbytiffani.com/services.html]
[www.wigsbytiffani.com/resales.html]
[www.wigsbytiffani.com/faq.html]
[www.wigsbytiffani.com/childrens-fund.html]
[www.wigsbytiffani.com/clientlove.html]
[www.wigsbytiffani.com/contact.html]
[www.wigsbytiffani.com/general-1.html]
[www.wigsbytiffani.com/service-page/in-person-consultations-2.html]
[www.wigsbytiffani.com/product-page/sitemap.4e.delayed]
[www.wigsbytiffani.com/product-page/feed.4f.delayed]
[www.wigsbytiffani.com/product-page/robots.html]
[www.wigsbytiffani.com/product-page/${n.html]
[www.wigsbytiffani.com/product-page/copy-of-selena-25-wig-m-fri-prev-3-1-1.html]
[www.wigsbytiffani.com/product-page/copy-of-quinn-23-wig-m-fri-prev-3-1-1.html]
[www.wigsbytiffani.com/product-page/copy-of-mabel-23-wig-l-fri-prev-3-1-1.html]
[www.wigsbytiffani.com/product-page/copy-of-koda-24-wig-m-l-fri-prev-3-1-1.html]
[www.wigsbytiffani.com/product-page/copy-of-jasmine-14-wig-s-fri-prev-3-1-1.html]
[www.wigsbytiffani.com/product-page/copy-of-janessa-22-wig-m-fri-prev-3-1-1.html]
[www.wigsbytiffani.com/product-page/wbt-pop-up-event-los-angeles-1.html]
[www.wigsbytiffani.com/product-page/walkers-knot-sealer.html]
[www.wigsbytiffani.com/product-page/walkers-wig-tape-3-yards.html]
[www.wigsbytiffani.com/product-page/walkers-wig-tape-36-yards.html]
[www.wigsbytiffani.com/product-page/hair-care-package.html]
[www.wigsbytiffani.com/product-page/nourished-by-tiffani-lace-cleanser-4oz.html]
[www.wigsbytiffani.com/feed.html]
[www.wigsbytiffani.com/${n.html]
[www.wigsbytiffani.com/decodeURIComponent(e.html]
[www.wigsbytiffani.com/product-page/de-bulking-removing-weight-2.html]
[www.wigsbytiffani.com/product-page/cap-replacement-1.html]
[www.wigsbytiffani.com/product-page/minor-sizing-alrerations.html]
[www.wigsbytiffani.com/product-page/fabric-liner-addition.html]
[www.wigsbytiffani.com/product-page/silicone-lining-addition.html]
[www.wigsbytiffani.com/product-page/haircut.html]
[www.wigsbytiffani.com/product-page/bangs.html]
[www.wigsbytiffani.com/product-page/decodeURIComponent(e.html]
[www.wigsbytiffani.com/product-page/copy-of-resale-rs616-17-wig-l-final-sale.html]
[www.wigsbytiffani.com/product-page/copy-of-resale-rs646-24-wig-l-final-sale.html]
[www.wigsbytiffani.com/product-page/copy-of-angela-14-wig-m-fri-prev-11-24-1.html]
[www.wigsbytiffani.com/product-page/copy-of-lindy-17-wig-m-l-fri-prev-10-27-1.html]
[www.wigsbytiffani.com/wigs4658.html]
[www.wigsbytiffani.com/product-page/copy-of-foster-23-wig-m-fri-prev-3-1-1.html]
[www.wigsbytiffani.com/product-page/copy-of-donna-21-wig-m-fri-prev-3-1-1.html]
[www.wigsbytiffani.com/product-page/copy-of-donna-20-wig-m-fri-prev-3-1-1.html]
[www.wigsbytiffani.com/product-page/copy-of-brandie-21-wig-m-fri-prev-3-1-1.html]
[www.wigsbytiffani.com/product-page/copy-of-resale-rs710-21-wig-m-final-sale.html]
[www.wigsbytiffani.com/product-page/copy-of-resale-rs709-22-wig-m-l-final-sale.html]
[www.wigsbytiffani.com/product-page/copy-of-resale-rs708-22-wig-m-final-sale.html]
[www.wigsbytiffani.com/product-page/copy-of-resale-rs707-19-wig-m-final-sale.html]
[www.wigsbytiffani.com/product-page/copy-of-resale-rs706-17-wig-m-final-sale.html]
[www.wigsbytiffani.com/product-page/copy-of-resale-rs694-17-wig-xs-final-sale.html]
[www.wigsbytiffani.com/product-page/copy-of-resale-rs693-26-wig-m-final-sale.html]
[www.wigsbytiffani.com/product-page/copy-of-resale-rs690-23-wig-m-l-final-sale.html]
[www.wigsbytiffani.com/product-page/copy-of-resale-rs688-18-wig-s-final-sale.html]
[www.wigsbytiffani.com/product-page/copy-of-resale-rs678-23-wig-xl-final-sale.html]
[www.wigsbytiffani.com/product-page/resale-rs371-20-wig-s-final-sale.html]
[www.wigsbytiffani.com/product-page/nourished-by-tiffani-miracle-detangler-6oz.html]
[www.wigsbytiffani.com/product-page/nourished-by-tiffani-conditioner-1.html]
[www.wigsbytiffani.com/product-page/nourished-by-tiffani-conditioner.html]
[www.wigsbytiffani.com/product-page/nourished-by-tiffani-shampoo.html]
[www.wigsbytiffani.com/product-page/brightening-pen.html]
[www.wigsbytiffani.com/product-page/2-hanging-wig-holders.html]
[www.wigsbytiffani.com/product-page/2-travel-wig-stands.html]
[www.wigsbytiffani.com/product-page/tiffani-wig-grip.html]
[www.wigsbytiffani.com/product-page/silicone-tiff-grip.html]
[www.wigsbytiffani.com/product-page/leopara-makeup-lighting-system.html]
[www.wigsbytiffani.com/product-page/bio-ionic-long-barrel-pro-curling-iron-1.html]
[www.wigsbytiffani.com/product-page/tiff-brows-hustler.html]
[www.wigsbytiffani.com/product-page/tiff-brows-girl-next-door.html]
[www.wigsbytiffani.com/product-page/tiff-brows-girl-boss.html]
[www.wigsbytiffani.com/product-page/tiff-brows-motivator.html]
[www.wigsbytiffani.com/product-page/tiff-brows-stunner.html]
[www.wigsbytiffani.com/product-page/tiff-brows-ceo-1.html]
[www.wigsbytiffani.com/product-page/tiff-brows-dreamer.html]
[www.wigsbytiffani.com/product-page/tiff-eyebrowz.html]
[www.wigsbytiffani.com/media/emptystate.85a4add5.html]
[www.wigsbytiffani.com/product-page/copy-of-milli-21-wig-m-l-fri-prev-9-29-1.html]
[www.wigsbytiffani.com/service-page/sitemap.58.delayed]
[www.wigsbytiffani.com/service-page/robots.html]
[www.wigsbytiffani.com/service-page/feed.59.delayed]
[www.wigsbytiffani.com/service-page/${n.html]
[www.wigsbytiffani.com/service-page/in-person-consultations-2.html]
[www.wigsbytiffani.com/service-page/decodeURIComponent(e.html]
[www.wigsbytiffani.com/product-page/robots.html]
[www.wigsbytiffani.com/product-page/sitemap.html]
[www.wigsbytiffani.com/product-page/feed.html]
[www.wigsbytiffani.com/product-page/${n.html]
[www.wigsbytiffani.com/product-page/decodeURIComponent(e.html]
[www.wigsbytiffani.com/product-page/copy-of-resale-rs616-17-wig-l-final-sale.html]
[www.wigsbytiffani.com/product-page/copy-of-resale-rs646-24-wig-l-final-sale.html]
[www.wigsbytiffani.com/product-page/copy-of-angela-14-wig-m-fri-prev-11-24-1.html]
[www.wigsbytiffani.com/product-page/copy-of-lindy-17-wig-m-l-fri-prev-10-27-1.html]
[www.wigsbytiffani.com/product-page/copy-of-milli-21-wig-m-l-fri-prev-9-29-1.html]
[www.wigsbytiffani.com/service-page/robots.html]
[www.wigsbytiffani.com/service-page/sitemap.html]
[www.wigsbytiffani.com/service-page/feed.html]
[www.wigsbytiffani.com/home.html]
[www.wigsbytiffani.com/product-page/${n-2.html]
[www.wigsbytiffani.com/service-page/${n.html]
[www.wigsbytiffani.com/service-page/decodeURIComponent(e.html]
[www.wigsbytiffani.com/home.html]
[www.wigsbytiffani.com/product-page/${n-2.html]
[www.wigsbytiffani.com/service-page/${n-2.html]
[www.wigsbytiffani.com/service-page/${n-2.html]
